// Jest Snapshot v1, https://goo.gl/fbAQLP

exports[`render ValidatedSignUpForm 1`] = `ShallowWrapper {}`;
